// Jest Snapshot v1, https://goo.gl/fbAQLP

exports[`Button renders correctly 1`] = `
<View
  collapsable={false}
  pointerEvents="box-none"
  style={
    Object {
      "flex": 1,
    }
  }
>
  <View
    style={
      Object {
        "transform": Array [
          Object {
            "scale": 1,
          },
        ],
      }
    }
  >
    <View
      style={
        Object {
          "backgroundColor": "#0e8f33",
          "borderColor": "transparent",
          "borderRadius": 15,
          "borderStyle": "solid",
          "borderWidth": 0,
          "elevation": 2,
          "minWidth": 64,
          "shadowColor": "#000000",
          "shadowOffset": Object {
            "height": 0.75,
            "width": 0,
          },
          "shadowOpacity": 0.24,
          "shadowRadius": 1.5,
        }
      }
    >
      <View
        accessibilityRole="button"
        accessibilityState={
          Object {
            "disabled": undefined,
          }
        }
        accessible={true}
        focusable={true}
        onClick={[Function]}
        onResponderGrant={[Function]}
        onResponderMove={[Function]}
        onResponderRelease={[Function]}
        onResponderTerminate={[Function]}
        onResponderTerminationRequest={[Function]}
        onStartShouldSetResponder={[Function]}
        style={
          Array [
            Object {
              "overflow": "hidden",
            },
            Object {
              "borderRadius": 15,
            },
          ]
        }
      >
        <View
          style={
            Array [
              Object {
                "alignItems": "center",
                "flexDirection": "row",
                "justifyContent": "center",
              },
              Object {
                "paddingHorizontal": 20,
                "paddingVertical": 5,
              },
            ]
          }
        >
          <Text
            numberOfLines={1}
            selectable={false}
            style={
              Array [
                Object {
                  "color": "#000000",
                  "fontFamily": "System",
                  "fontWeight": "400",
                },
                Object {
                  "textAlign": "left",
                },
                Array [
                  Object {
                    "letterSpacing": 1,
                    "marginHorizontal": 16,
                    "marginVertical": 9,
                    "textAlign": "center",
                  },
                  undefined,
                  Object {
                    "textTransform": "uppercase",
                  },
                  Object {
                    "color": "#ffffff",
                    "fontFamily": "System",
                    "fontWeight": "500",
                  },
                  Object {
                    "fontFamily": "System",
                    "fontWeight": "500",
                  },
                  Object {
                    "color": "#fff",
                    "fontSize": 24,
                    "opacity": 1,
                  },
                ],
              ]
            }
          >
            Press
          </Text>
        </View>
      </View>
    </View>
  </View>
</View>
`;

exports[`renders correctly 1`] = `
<View
  collapsable={false}
  pointerEvents="box-none"
  style={
    Object {
      "flex": 1,
    }
  }
>
  <View
    style={
      Object {
        "transform": Array [
          Object {
            "scale": 1,
          },
        ],
      }
    }
  >
    <View
      style={
        Object {
          "backgroundColor": "#0e8f33",
          "borderColor": "transparent",
          "borderRadius": 15,
          "borderStyle": "solid",
          "borderWidth": 0,
          "elevation": 2,
          "minWidth": 64,
          "shadowColor": "#000000",
          "shadowOffset": Object {
            "height": 0.75,
            "width": 0,
          },
          "shadowOpacity": 0.24,
          "shadowRadius": 1.5,
        }
      }
    >
      <View
        accessibilityRole="button"
        accessibilityState={
          Object {
            "disabled": undefined,
          }
        }
        accessible={true}
        focusable={true}
        onClick={[Function]}
        onResponderGrant={[Function]}
        onResponderMove={[Function]}
        onResponderRelease={[Function]}
        onResponderTerminate={[Function]}
        onResponderTerminationRequest={[Function]}
        onStartShouldSetResponder={[Function]}
        style={
          Array [
            Object {
              "overflow": "hidden",
            },
            Object {
              "borderRadius": 15,
            },
          ]
        }
      >
        <View
          style={
            Array [
              Object {
                "alignItems": "center",
                "flexDirection": "row",
                "justifyContent": "center",
              },
              Object {
                "paddingHorizontal": 20,
                "paddingVertical": 5,
              },
            ]
          }
        >
          <Text
            numberOfLines={1}
            selectable={false}
            style={
              Array [
                Object {
                  "color": "#000000",
                  "fontFamily": "System",
                  "fontWeight": "400",
                },
                Object {
                  "textAlign": "left",
                },
                Array [
                  Object {
                    "letterSpacing": 1,
                    "marginHorizontal": 16,
                    "marginVertical": 9,
                    "textAlign": "center",
                  },
                  undefined,
                  Object {
                    "textTransform": "uppercase",
                  },
                  Object {
                    "color": "#ffffff",
                    "fontFamily": "System",
                    "fontWeight": "500",
                  },
                  Object {
                    "fontFamily": "System",
                    "fontWeight": "500",
                  },
                  Object {
                    "color": "#fff",
                    "fontSize": 24,
                    "opacity": 1,
                  },
                ],
              ]
            }
          >
            Press
          </Text>
        </View>
      </View>
    </View>
  </View>
</View>
`;
